[valid] Ep. 1 : Up. 20 : cross-entropy : 294.63 : new best
[valid] Ep. 1 : Up. 40 : cross-entropy : 292.643 : new best
[valid] Ep. 1 : Up. 60 : cross-entropy : 290.224 : new best
[valid] Ep. 1 : Up. 80 : cross-entropy : 286.855 : new best
[valid] Ep. 1 : Up. 100 : cross-entropy : 282.154 : new best
[valid] Ep. 1 : Up. 120 : cross-entropy : 274.581 : new best
[valid] Ep. 1 : Up. 120 : ce-mean-words : 9.41958 : new best
[valid] Ep. 1 : Up. 140 : cross-entropy : 264.993 : new best
[valid] Ep. 1 : Up. 140 : ce-mean-words : 9.09067 : new best
[valid] Ep. 1 : Up. 160 : cross-entropy : 258.912 : new best
[valid] Ep. 1 : Up. 160 : ce-mean-words : 8.88207 : new best
[valid] Ep. 1 : Up. 180 : cross-entropy : 255.941 : new best
[valid] Ep. 1 : Up. 180 : ce-mean-words : 8.78013 : new best
[valid] Ep. 1 : Up. 200 : cross-entropy : 253.143 : new best
[valid] Ep. 1 : Up. 200 : ce-mean-words : 8.68417 : new best
