That concludes the agenda, ladies and gentlemen.
The Minutes of this sitting will be submitted to plenary at the beginning of the next part-session.
Mr Manders has the floor for a point of order.
Mr President, I would like to take this opportunity to wish you, the Bureau and all Members well for the new year.

I would even like to allow me to name the Commission and the Council, even if they are not present.


I declare the session of the European Parliament adjourned.
(The sitting was closed at 10.50 p.m.)
