[valid] 30 : cross-entropy : 299.66 : new best
[valid] 60 : cross-entropy : 298.711 : new best
[valid] 90 : cross-entropy : 293.688 : new best
[valid] 120 : cross-entropy : 292.312 : new best
[valid] 150 : cross-entropy : 291.82 : new best
[valid] 160 : cross-entropy : 291.761 : new best
[valid] 180 : cross-entropy : 291.246 : new best
[valid] 210 : cross-entropy : 291.019 : new best
[valid] 240 : cross-entropy : 291.036 : stalled 1 times
[valid] 270 : cross-entropy : 291.224 : stalled 2 times
