Obama empfängt Netanjahu
das Verhältnis zwischen Obama und Netanjahu ist nicht gerade freundlich .
die beiden wollten über die Umsetzung des internationalen Abkommens und über die destabili@@ sierenden Aktivitäten von Teheran im Nahen Osten sprechen .
das Treffen war auch geplant , um den Konflikt mit den Palästinensern und die umstrittene Zwei @-@ Staaten @-@ Lösung zu vertu@@ schen .
die Beziehungen zwischen Obama und Netanjahu sind seit Jahren an@@ gespannt .
Washington kritisiert den kontinuierlichen Bau von Siedlungen in Israel und wirft Netanjahu mangelnde Initiative im Friedensprozess vor .
das Verhältnis zwischen beiden hat sich aufgrund des Abkommens , das Obama über das iranische Nuklearprogramm ausgehandelt hat , weiter verschlechtert .
im März hatte Netanjahu auf Einladung der Republikaner eine kontroverse Rede vor dem US @-@ Kongress gehalten , der teils als Aff@@ ront gegenüber Obama gesehen wurde .
die Rede war nicht mit Obama , der ein Treffen mit dem Hinweis auf die Wahl , die damals in Israel an@@ stand , abgelehnt hatte .
in 911 Call , Professor Ad@@ m@@ its zum Shooting Gir@@ l@@ friend
in einem 911 , seiner Stimme nur leicht w@@ ac@@ ke@@ lig , erzählt College @-@ Profess@@ orin Shannon Lam@@ b der Polizei , er habe seine Freundin und die Beamten erschossen müssen , um in ihr Haus zu kommen .
Lam@@ m@@ fleisch machte einen Punkt , um zu sagen , sein Stall @-@ süßen Hund &apos; &quot; war dort lebendig und wahrscheinlich aufgebracht und sagte , die Familien@@ kontakte der toten Frau könnten auf ihrem Telefon zu finden sein .
im Inneren der Wohnung , die Beamten fanden Amy Pr@@ enti@@ ss &apos; s Körper und eine hand@@ schriftliche Notiz gekl@@ at@@ tete auf einem weißen juristischen Pad : mein Wunsch , ich könnte es mir gefallen lassen und sie ist die einzige Frau , die mich geliebt hat , und sie ist die einzige Frau , die von b b b b gelesen wurde .
es gab keinen Hinweis darauf , dass Lam@@ b , der zwei Online @-@ Klassen für die Delta State University in Cleveland , Mississippi , unterrichtet hatte , bereits 300 Meilen auf den Campus der Schule reiste , wo die Polizei glaubt , dass er in der Haustür seines Büros einen gut ausseh@@ enden Geschichts@@ professor E@@ than Schmidt erschossen und umgebracht hat .
der Poli@@ zeich@@ ef von Delta State University , L@@ ynn Bu@@ ford , erklärte den Universitäts@@ vertretern , dass sie um 10 : 18 Uhr gedreht haben .
er sagte , Lam@@ b machte den schick@@ sal@@ haften 911 irgendwann danach .
am Ende gäbe es noch einen weiteren Todes@@ fall : Lamm nahm sich das eigene Leben , als die Polizei in auf ihn geschlossen wurde .
einen Tag nach dem Schul@@ schießen Zwangs@@ arbeiter und Dozenten , sich hinter verschlossenen Türen zu verstecken , versuchten die Behörden noch , zusammen welches motivierte Lamm zusammenzu@@ fügen .
die von den Ermitt@@ lern an beiden Enden des Staates veröffentlichten Details sowie Schüler und Mitarbeiter , die ihn kannten , trugen dazu bei , ein Bild eines talenti@@ erten , aber möglicherweise an@@ geschlagenen Lehr@@ ers zu malen .
die Schüler sagten , dass sie sich auf seine Klasse freuen .
die Polizei in Gau@@ tier , wo Pr@@ enti@@ ss starb , sagte , er habe keine Geschichte der Gewalt oder des Strafre@@ gi@@ sters .
Schmidt selbst hatte Lam@@ b in ein Buch aufgenommen , in dem er schrieb , wo er das Kultur @-@ Volk &quot; &quot; er teilte sein akade@@ misches Leben mit .
beide ehrten in der Abteilung Sozialwissenschaften und Geschichte , die 17 Fakul@@ täts@@ mitglieder auf@@ listet , und viele Studenten nahmen Kurse von bei@@ dem entgegen .
gleichzeitig gab es einige In@@ lin@@ ationen von Problemen .
ein Schüler , der Lam@@ b lobte , Brand@@ on be@@ a@@ vers , sagte , er schien auf@@ gew@@ üh@@ lt und j@@ it@@ ter@@ isch , wie es bei ihm etwas falsch war . &apos; &apos;
ein anderer Schüler , Mi@@ kel Sy@@ kes , sagte , Lam@@ b habe ihm gesagt , er habe mit Stress am Ende des 201@@ 4@@ -@@ 15 @-@ Lehr@@ jahres zu tun .
Lam@@ b hatte zuvor die Delta State University für einen medizinischen Urlaub der Abwesenheit gefragt , er habe ein Gesundheits@@ thema der gewissen Art gehabt .
in diesem Jahr habe er nur zwei Online @-@ Klassen unterrichtet .
die jüngsten Veränderungen in der Einstellungs@@ politik der Universität haben dazu geführt , dass der promovierte Lam@@ b so hart gearbeitet hatte , um zu verdienen , würde ihm keine automatische Amtszeit garantieren , um ein Assist@@ enz@@ professor zu werden .
der Präsident der Universität , William La@@ Forge , sagte , er habe von einem Konflikt zwischen Lam@@ b und Schmidt nichts gewusst , doch gab es offensichtlich in Herrn Lam@@ b &apos; s Geist etwas &quot; &quot; .
das sind Fragen , die Lam@@ b nicht mehr beantworten können .
nach der Flucht vor dem Campus holte die Polizei später Lam@@ mes Spur , als er von Arkan@@ sas in Mississippi zurück@@ kreu@@ zte .
bevor er gefasst werden konnte , tö@@ tete Lam@@ b sich selbst mit einer einzigen .@@ 38@@ -@@ Kali@@ ber @-@ Pist@@ ole im Hinterhof eines Wohn@@ hauses rund eine Meile südlich seines Eltern@@ hauses am Stadtrand von Green@@ ville , Mississippi , sagte Washington County Cor@@ oner Me@@ th@@ el Johnson .
sein Auto lief noch in der Einfahrt .
es war nicht sofort klar , warum Lam@@ b in dieses Haus ging , obwohl Johnson sagte , dass er glaubt , dass er die Menschen kenne , die dort wohnten .
Lamm wuchs in der Gegend auf .
Lam@@ mert begann an der Universität , die 3.500 Studenten in einer Stadt von rund 12.000 , im Jahr 2009 und lehrte Ge@@ ografie und Bildung Klassen .
er promovierte im Frühjahr in der Ausbildung .
einer von Lam@@ mes langjährigen Freunden beschrieb ihn als smart , charism@@ atisch und lustig .
Carla H@@ air@@ ston sagte , sie sei 15 und Lam@@ b war 20 , als sie sich durch gegenseitige Freunde trafen .
Sie und ihre Freunde waren in der High@@ school , und er war der kühle ältere Ker@@ l , der mehrere Jahre lang versuchte , ihr beizu@@ bringen , Gitarre zu spielen .
er war damals ganz der Herz@@ schlag .
alle Mädchen würden schmelzen , wenn er um sich herum war &apos; , sagte H@@ air@@ ston , heute 40 und lebte im Jackson Vorort von Brand@@ on .
Lamm und Pr@@ enti@@ ss hatten offenbar schon seit einiger Zeit aus .
in der 911 @-@ Aufforderung , Lam@@ b sagte er meine Frau &apos; &apos; &apos; , aber es gab keine Aufzeichnungen von ihnen , die heiraten .
Sie hatten einen Hund namens Ligh@@ tning , der mit ihnen im Back@@ stein@@ haus lebte , das sich bis zu einem Kö@@ der in Gau@@ tier hält .
die Polizei erklärte , der Hund sei in Ordnung .
Pr@@ enti@@ ss &apos; Ex @-@ Ehemann , Sha@@ wn O@@ &apos; Ste@@ en , sagte , sie ließen sich vor 15 Jahren scheiden , blieb aber Freunde und hatte eine Tochter , die jetzt 19 ist .
er war völlig verwüstet &quot; , sagte O@@ &apos; Ste@@ en von seiner Tochter .
Sie und ihre Mutter waren absolut beste Freunde .
O@@ &apos; Ste@@ en sagte , er sei nicht auf Lam@@ b gestoßen , sondern habe durch seine Tochter A@@ big@@ ail gehört , dass Lam@@ b Interesse an Musik habe und spielte den Blues .
Lamm traf Pr@@ enti@@ ss , als er und A@@ big@@ ail beide vor drei Jahren auf einer Sommer@@ messe auftraten .
später spielten sie bei dem gelegent@@ lichen Auftritt zusammen .
O@@ &apos; Ste@@ en sagte , seine Tochter schreibt und singt ihre eigene Musik .
Pr@@ enti@@ ss war eine Krankenschwe@@ ster , die für verschiedene Unternehmen online arbeitete .
Mike Sha@@ ffer , ein Bark@@ e@@ eper und manchmal Unterhaltungs@@ ko@@ ordinator im The Ju@@ le@@ p Room , ein wenig beleu@@ cht@@ eter Bar in der Nähe von Gau@@ tier , sagte , er habe zuletzt Lam@@ b und Pr@@ enti@@ ss die Nacht des Sept .
es gab keinerlei Anzeichen dafür , dass irgendetwas nicht funktioniert .
Ay@@ ta@@ et@@ al nur ein glück@@ liches Paar &apos; &apos; , sagte er .
wir schnitten auf und warfen Z@@ ungen aneinander vorbei .
ich meine , sie hatten beide ein gutes Gespür für sie .
Schmidt , der getö@@ tete Professor , dirigi@@ erte das fir@@ st@@ - jährige Seminar@@ programm und spezialisierte sich auf Native American und koloniale Geschichte , sagte Don Allan Mitchell , ein englischer Professor an der Schule .
er war verheiratet und hatte drei kleine Kinder .
er studierte an der Empor@@ ia State University in Kansas und war Präsident seiner Brüder@@ - und Studenten@@ regierung .
auf dem Delta State Campus in Cleveland am Dienst@@ ag@@ abend nahmen rund 900 Menschen , darunter Dozenten , Mitarbeiter , Studenten und Mitglieder der Gemeinde , an einem Cand@@ le@@ light @-@ Mahn@@ mal teil .
Schmidt &apos; s Frau Li@@ z und der Bruder Jeff Schmidt nahmen ebenfalls an der Mahn@@ wache teil , in der der Hochschul@@ chor Dawn Stone Bright Star &apos; &apos; und ting @-@ o @-@ Ama@@ zing Grace sang . &apos; &quot;
der Unterricht wird am Mittwoch wieder aufgenommen .
unser Ziel ist es , dass unsere Studenten wieder@@ kommen &quot; , sagte La@@ Forge .
die Krise ist vorbei .
das ist ein Tag der Heilung .
Amy und Ro@@ geli@@ o Soli@@ s berichteten aus Cleveland , Mississippi .
die Presses@@ pre@@ cher Emily Wag@@ ster Pet@@ tus in Green@@ ville , Mississippi und Rebecca Sant@@ ana in New Orleans trugen zu diesem Bericht bei .
diese Geschichte wurde korrigiert , um zu reflektieren , dass die Polizei jetzt sagen , Lam@@ b machte den 911 nach dem Schie@@ ßen Schmidt , und dass während Lam@@ b sprach Pr@@ enti@@ ss als seine Frau im 911 , gibt es keinen Hinweis , die zwei jemals gehei@@ ratet .
Spielzeug R Us plant H@@ ire Fe@@ wer Holiday Season Workers
Spielzeug R Us sagt , es wo nicht mieten so viele Urlaubs@@ zeit @-@ Mitarbeiter wie im letzten Jahr , aber der Spielzeug @-@ und Baby @-@ Produkte Händler sagt , es wird aktuellen Mitarbeitern und Saison@@ arbeitern eine Chance , mehr Stunden zu arbeiten .
das Unternehmen erklärte , es plane , 40.000 Menschen für die Arbeit an Geschäften und Ver@@ teil@@ zentren rund um das Land einzustellen , von den 4@@ 5.000 für die Urlaubs@@ zeit 2014 .
der Großteil der Jobs wird teil@@ zeit@@ abhängig sein .
das Unternehmen erklärte , es werde in diesem Monat mit inter@@ view@@ ten Bewerbern beginnen , wobei das Personal@@ niveau von Oktober bis Dezember steigt .
während die Ferien selbst Monate entfernt sind , rückt die Urlaubs@@ zeit näher , und die Unternehmen bereiten sich darauf vor , temporäre Mitarbeiter einzustellen , um den Mitarbeitern zu helfen , Produkte zu verkaufen , zu verkaufen , zu verkaufen , zu liefern und zu liefern .
Michael J. Fox J@@ ok@@ es über Sein Verhandlung@@ stermin &quot; Mit Prinzessin Diana
Michael J. Fox hat mit der Premiere von &quot; gewidmet , dass Michael J. Fox &quot; die Premiere feiern .
bemerkenswert war das aus persönlichen Gründen auch .
wir haben uns in der Theater@@ warte auf das roy@@ ale Warten eingelassen und ich merke , dass der Platz neben mir leer ist , und es dämm@@ ert mir , dass Prinzessin Diana neben mir sitzen wird &apos; , sagte er in einem Trailer zu einer kommenden Dokumentation , &quot; Forest @-@ Back in Time &quot; . &apos; &quot;
der Film beginnt und es kommt mir vor , dass ich ein gefälschter G@@ äh@@ ne bin und einen Arm weg von einem Date mit der Princess of Wales bin .
in der Zeit , in der es sich um das Projekt &quot; Reporter &quot; handelt , gibt es Interviews mit Fox , Le@@ a Thompson und Christopher Lloyd , sowie Regisseur Robert Zem@@ eck@@ is und Executive Producer Steven Spiel@@ berg .
seit 30 Jahren &quot; Premiere für die Zukunft &quot; .
wir sind überzeugt , dass es sich hier um den größten Kino@@ film handelt , der jemals auf Film geschrieben wurde . &apos; sagte Spiel@@ berg , der wohl größte Zeit@@ ver@@ trei@@ b @-@ Film überhaupt .
das Programm wird auf VO@@ D , DVD und in ausgewählten Kin@@ ok@@ assen zur Verfügung stehen .
un @-@ Che@@ fin Sa@@ ys Es gibt keine militärische Lösung in Syrien
Generalsekretär Ban Ki@@ -@@ moon sagt , seine Antwort auf Russlands verstärkte militärische Unterstützung für Syrien sei , dass es keine militärische Lösung &quot; &apos; &quot; zum fast fünf@@ jährigen Konflikt gibt und weitere Waffen die Gewalt und das Elend für Millionen von Menschen verschlimmern .
der UN @-@ Chef forderte erneut alle Parteien , auch den gespal@@ tenen UN @-@ Sicherheitsrat , auf , die inklu@@ siven Verhandlungen zu vereinen und zu unterstützen , um eine politische Lösung zu finden .
Ban sagte einer Pressekonferenz am Mittwoch , er plane mit Außenminister der fünf ständigen Gemeinder@@ ats@@ nationen - den USA , Russland , China , Großbritannien und Frankreich - am Rande der Minister@@ sitzung der Generalversammlung noch in diesem Monat , um über Syrien zu beraten .
er brachte sein Bedauern darüber zum Ausdruck , dass die Spaltung des Rates und der syrischen Bevölkerung und die Regional@@ mächte der Regional@@ mächte dieser Situation unlös@@ bar sind . &apos;
Ban forderte die fünf ständigen Mitglieder auf , die Solidarität und Einigkeit zu zeigen , die sie bei der Verwirklichung eines iranischen Atom@@ abkommens bei der Bewältigung der Syrien @-@ Krise getan haben .
8. Pol@@ l Zahlen , die Donald Trump zeigt
einige haben versucht , ihm einen Fli@@ p@@ - Flo@@ p zu kennzeichnen .
andere haben ihn als Witz ab@@ getan .
und manche halten sich für eine Imp@@ lo@@ sion .
doch egal wie manche Republikaner versuchen , Donald Trump von oben auf die Wahlur@@ nen zu schle@@ ppen , hat es nicht funktioniert -@@ L@@ R@@ B- und dennoch -@@ RR@@ B- .
zehn der letzten elf nationalen Umfragen haben die Führung von Donald Trump im zwei@@ stelligen Bereich gezeigt , und manche fangen an , ernsthaft zu fragen , was es für die Nomini@@ erungs@@ möglichkeiten des Immobilien@@ mo@@ gul bedeutet .
natürlich ist es noch früh im Wahl@@ zyklus .
