[valid] Ep. 1 : Up. 20 : cross-entropy : 224.507 : new best
[valid] Ep. 1 : Up. 40 : cross-entropy : 207.62 : new best
[valid] Ep. 1 : Up. 60 : cross-entropy : 200.757 : new best
[valid] Ep. 1 : Up. 80 : cross-entropy : 195.687 : new best
[valid] Ep. 1 : Up. 100 : cross-entropy : 192.654 : new best
[valid] Ep. 1 : Up. 120 : cross-entropy : 190.832 : new best
[valid] Ep. 1 : Up. 140 : cross-entropy : 189.588 : new best
[valid] Ep. 1 : Up. 160 : cross-entropy : 187.273 : new best
[valid] Ep. 1 : Up. 180 : cross-entropy : 187.144 : new best
[valid] Ep. 1 : Up. 200 : cross-entropy : 186.22 : new best
