Indien und Japan Ministerpräsidenten treffen sich in Tokio ||| 0-0 1-1 2-2 3-3 4-5 5-6 6-6 7-7
auf der Tagesordnung stehen die Pläne für eine stärkere Zusammenarbeit im Nuklear@@ bereich . ||| 0-0 1-2 2-3 3-0 4-0 5-5 6-6 7-7 8-7 9-8 10-8 11-8 12-11 13-11
Indien ist angeblich auch auf eine Einigung zur Verteidigungs@@ kooperation der beiden Nationen gehofft . ||| 0-0 1-1 2-3 3-4 4-4 5-6 6-7 7-8 8-9 9-10 10-11 11-13 12-14 13-4 14-16
Kar@@ ra@@ tha Polizei nimmt 20-@@ Jährige nach Hochgeschwindigkeits@@ motor@@ en@@ jagd fest ||| 0-0 1-1 2-2 3-3 4-4 5-5 6-6 7-7 8-8 9-10 10-11 11-11 12-4
die Polizei von Kar@@ ra@@ tha hat einen 20-@@ jährigen Mann beauftragt , der es miss@@ achtete und leicht@@ sinn@@ ig@@ erweise fahr@@ bereit zu sein . ||| 0-0 1-3 2-0 3-0 4-1 5-2 6-4 7-6 8-7 9-8 10-9 11-5 12-10 13-10 14-11 15-11 16-18 17-14 18-15 19-18 20-18 21-18 22-16 23-18 24-18 25-18 26-18
er soll am 23. September in Kar@@ ra@@ tha Magistr@@ ats@@ -@@ Richter erscheinen . ||| 0-0 1-2 2-5 3-14 4-13 5-5 6-6 7-7 8-8 9-9 10-10 11-11 12-9 13-4 14-16
das Motorrad wurde für drei Monate beschlagnahmt und im@@ matri@@ k@@ uliert . ||| 0-0 1-1 2-2 3-8 4-9 5-10 6-3 7-4 8-5 9-6 10-12 11-12 12-12
George Web@@ ster warf N@@ air@@ n und Pit@@ loch@@ ry Hotel@@ rap@@ schen vor ||| 0-0 1-1 2-2 3-3 4-5 5-6 6-7 7-8 8-9 9-10 10-11 11-12 12-13 13-14 14-3
ein Mann soll sich vor Gericht stellen , der Frauen in zwei Hotels vergewaltigt hat . ||| 0-0 1-1 2-3 3-5 4-5 5-8 6-4 7-6 8-6 9-10 10-11 11-12 12-13 13-8 14-15 15-15
George Web@@ ster , 28 , stellte sich bei einer Anhörung vor dem Ober@@ landes@@ gericht in Glasgow die Gebühren . ||| 0-0 1-1 2-2 3-3 4-4 5-5 6-6 7-7 8-7 9-10 10-11 11-12 12-13 13-14 14-15 15-19 16-17 17-17 18-7 19-8 20-6
Rich@@ terin Lady Ra@@ e hat einen Prozes@@ stag für den 17. November auf dem Ober@@ landes@@ gericht Edinburgh festgelegt . ||| 0-0 1-0 2-1 3-2 4-3 5-4 6-5 7-6 8-7 9-8 10-9 11-10 12-9 13-11 14-12 15-13 16-14 17-18 18-16 19-4 20-18
die Wiedervereinigung mit dem Very American Ideal , dass die Rechte der Arbeitnehmer , ||| 0-0 1-0 2-2 3-4 4-4 5-5 6-6 7-7 8-7 9-8 10-8 11-8 12-8 13-10
aber es ist sicher keine radikale Initiative - zumindest durch amerikanische Standards . ||| 0-0 1-1 2-2 3-2 4-4 5-6 6-7 7-8 8-9 9-11 10-12 11-13 12-15
die Amerikaner akzeptierten seit Generationen die Grund@@ bedingung , dass Arbeits@@ rechte Menschenrechte sind . ||| 0-0 1-3 2-4 3-0 4-1 5-5 6-6 7-7 8-15 9-9 10-9 11-10 12-12 13-11 14-15
wie der Rever@@ end Martin Luther King Jr. vor fünfzig Jahren sagte : ||| 0-0 1-1 2-2 3-3 4-4 5-5 6-6 7-7 8-9 9-9 10-10 11-8 12-12
die Geschichte ist ein großer Lehrer . ||| 0-0 1-0 2-1 3-2 4-3 5-4 6-5
nun weiß jeder , dass die Arbeiter@@ bewegung die Stärke der Nation nicht schm@@ älert , sondern vergrößert hat . ||| 0-0 1-2 2-1 3-2 4-19 5-4 6-5 7-6 8-10 9-11 10-12 11-14 12-9 13-9 14-9 15-15 16-15 17-16 18-15 19-19
wer die Arbeit angreift , vergisst diese einfachen Wahrheiten , aber die Geschichte erinnert sie sich . ||| 0-0 1-3 2-3 3-2 4-14 5-4 6-5 7-6 8-7 9-8 10-9 11-10 12-10 13-11 14-12 15-11 16-11
die Geschichte erinnert sich , wie sollten wir es . ||| 0-0 1-0 2-1 3-1 4-1 5-3 6-4 7-5 8-7 9-7
Richter blockiert vorübergehend das Gesetz , das alle Louisiana Ab@@ t@@ reibungs@@ klin@@ iken schließen könnte ||| 0-0 1-2 2-1 3-2 4-3 5-11 6-4 7-7 8-8 9-9 10-9 11-9 12-10 13-10 14-6 15-5
eine Anhörung soll innerhalb eines Monats für den Richter angesetzt werden , um eine dauer@@ haf@@ tere Regelung über das Gesetz zu fällen . ||| 0-0 1-1 2-2 3-5 4-6 5-7 6-8 7-9 8-10 9-4 10-11 11-11 12-11 13-13 14-15 15-21 16-21 17-16 18-17 19-18 20-19 21-12 22-12 23-21
Small STU@@ DY : neue Medikamente können bremsen , Eier@@ stock@@ krebs ||| 0-0 1-1 2-2 3-3 4-4 5-5 6-6 7-7 8-8 9-10 10-12 11-13
die Forscher verfolgten die Frauen@@ arz@@ t@@ -Rei@@ se über sieben Jahre hinweg . ||| 0-0 1-1 2-2 3-3 4-4 5-6 6-7 7-7 8-7 9-8 10-9 11-10 12-2 13-11
ältere Frauen und jene , deren Krebs zum Zeitpunkt der Diagnose fortgeschritt@@ ener war , hatten die ärmsten Überleben@@ schancen . ||| 0-0 1-1 2-2 3-3 4-4 5-4 6-5 7-9 8-11 9-12 10-13 11-7 12-20 13-20 14-20 15-14 16-15 17-16 18-17 19-18 20-20
Garten@@ center rue fällt in Eigen@@ heim@@ besitzern . ||| 0-0 1-1 2-2 3-3 4-4 5-5 6-5 7-6 8-8
der TV-S@@ ender stopp@@ te etwa 40 Minuten , hat aber inzwischen wieder eine Übertragung . ||| 0-0 1-1 2-2 3-3 4-18 5-4 6-7 7-8 8-4 9-10 10-12 11-12 12-13 13-13 14-15 15-18
etwa einen Kilometer entfernt stießen sie auf Sicherheits@@ dienste , bewaffnet mit Stö@@ cken und Steinen . ||| 0-0 1-1 2-2 3-3 4-6 5-5 6-8 7-9 8-11 9-12 10-13 11-14 12-15 13-19 14-16 15-17 16-18
die Polizei setzte T@@ rän@@ eng@@ as ein . ||| 0-0 1-1 2-2 3-3 4-3 5-4 6-4 7-6 8-6
die Demonstranten forderten Shar@@ if Rücktritt , den er ablehnte . ||| 0-0 1-1 2-2 3-3 4-4 5-6 6-12 7-8 8-9 9-10 10-11
das Militär spielt in Pakistan eine wichtige Rolle und hat in der Vergangenheit mehrfach die Macht ergriffen . ||| 0-0 1-1 2-2 3-3 4-7 5-3 6-4 7-5 8-20 9-10 10-16 11-17 12-18 13-14 14-11 15-11 16-10 17-20
