zwec@@ Briti@@ angelegt utter@@ utter@@ utter@@ sage@@ sage@@ sage@@ sage@@ sage@@ sage@@ sage@@ wasser Ob@@ feste feste feste feste feste feste feste feste feste seine seine Mensch@@ cau@@ Berücksichtigung Berücksichtigung Berücksichtigung Corn@@ Briti@@ Corn@@ Briti@@ Briti@@ Corn@@ Briti@@ Corn@@ cau@@ cau@@ cau@@ cau@@ cau@@ cau@@
seine seine seine Guant@@ Guant@@ Guant@@ Gestaltung sage@@ sage@@ sage@@ sage@@ sage@@ seine Guant@@ Guant@@ wasser Gestaltung Gestaltung Gestaltung feste feste feste feste seine seine seine seine cau@@ cau@@ cau@@ cau@@ cau@@ Briti@@ Briti@@ Briti@@ Briti@@ Briti@@ Corn@@ Briti@@ cau@@ cau@@ cau@@ cau@@ cau@@ cau@@ cau@@ cau@@ Briti@@
zwec@@ seine seine Guant@@ Guant@@ Guant@@ Guant@@ seine seine seine seine seine seine Guant@@ Guant@@ Guant@@ feste Gestaltung feste feste feste feste feste seine seine seine seine seine cau@@ cau@@ cau@@ Briti@@ Corn@@ Briti@@ Briti@@ Briti@@ Briti@@ Corn@@ Briti@@ cau@@ cau@@ cau@@ cau@@ cau@@ cau@@
cau@@ Briti@@ Briti@@ Guant@@ Guant@@ Guant@@ Gestaltung sage@@ sage@@ sage@@ sage@@ sage@@ Guant@@ Guant@@ Guant@@ wasser Gestaltung Gestaltung Gestaltung feste feste feste feste feste feste seine cau@@ cau@@ cau@@ cau@@ cau@@ cau@@ Briti@@ Briti@@ Briti@@ Briti@@ Briti@@ Briti@@ Briti@@ cau@@ cau@@ cau@@ cau@@ cau@@ cau@@ cau@@ Briti@@ cau@@ Briti@@ Briti@@ Briti@@ Briti@@ Briti@@ Briti@@
lich lich lich lich Milosevic Thomas Thomas lich lich lich lich lich sprüch@@ laufen strong wasser Last lich lich lich Bösch Bösch Bösch lich
